0
